<?xml version="1.0" standalone="yes"?><svg version="1.1" xmlns="http://www.w3.org/2000/svg" xmlns:xlink="http://www.w3.org/1999/xlink" xmlns:ev="http://www.w3.org/2001/xml-events" viewBox="0 0 132 132" shape-rendering="crispEdges"><rect width="4" height="4" x="0" y="0" fill="#000"/><rect width="4" height="4" x="4" y="0" fill="#000"/><rect width="4" height="4" x="8" y="0" fill="#000"/><rect width="4" height="4" x="12" y="0" fill="#000"/><rect width="4" height="4" x="16" y="0" fill="#000"/><rect width="4" height="4" x="20" y="0" fill="#000"/><rect width="4" height="4" x="24" y="0" fill="#000"/><rect width="4" height="4" x="36" y="0" fill="#000"/><rect width="4" height="4" x="44" y="0" fill="#000"/><rect width="4" height="4" x="48" y="0" fill="#000"/><rect width="4" height="4" x="52" y="0" fill="#000"/><rect width="4" height="4" x="60" y="0" fill="#000"/><rect width="4" height="4" x="68" y="0" fill="#000"/><rect width="4" height="4" x="72" y="0" fill="#000"/><rect width="4" height="4" x="76" y="0" fill="#000"/><rect width="4" height="4" x="80" y="0" fill="#000"/><rect width="4" height="4" x="84" y="0" fill="#000"/><rect width="4" height="4" x="88" y="0" fill="#000"/><rect width="4" height="4" x="96" y="0" fill="#000"/><rect width="4" height="4" x="104" y="0" fill="#000"/><rect width="4" height="4" x="108" y="0" fill="#000"/><rect width="4" height="4" x="112" y="0" fill="#000"/><rect width="4" height="4" x="116" y="0" fill="#000"/><rect width="4" height="4" x="120" y="0" fill="#000"/><rect width="4" height="4" x="124" y="0" fill="#000"/><rect width="4" height="4" x="128" y="0" fill="#000"/><rect width="4" height="4" x="0" y="4" fill="#000"/><rect width="4" height="4" x="24" y="4" fill="#000"/><rect width="4" height="4" x="32" y="4" fill="#000"/><rect width="4" height="4" x="36" y="4" fill="#000"/><rect width="4" height="4" x="40" y="4" fill="#000"/><rect width="4" height="4" x="48" y="4" fill="#000"/><rect width="4" height="4" x="56" y="4" fill="#000"/><rect width="4" height="4" x="88" y="4" fill="#000"/><rect width="4" height="4" x="104" y="4" fill="#000"/><rect width="4" height="4" x="128" y="4" fill="#000"/><rect width="4" height="4" x="0" y="8" fill="#000"/><rect width="4" height="4" x="8" y="8" fill="#000"/><rect width="4" height="4" x="12" y="8" fill="#000"/><rect width="4" height="4" x="16" y="8" fill="#000"/><rect width="4" height="4" x="24" y="8" fill="#000"/><rect width="4" height="4" x="32" y="8" fill="#000"/><rect width="4" height="4" x="40" y="8" fill="#000"/><rect width="4" height="4" x="44" y="8" fill="#000"/><rect width="4" height="4" x="56" y="8" fill="#000"/><rect width="4" height="4" x="60" y="8" fill="#000"/><rect width="4" height="4" x="64" y="8" fill="#000"/><rect width="4" height="4" x="68" y="8" fill="#000"/><rect width="4" height="4" x="76" y="8" fill="#000"/><rect width="4" height="4" x="84" y="8" fill="#000"/><rect width="4" height="4" x="96" y="8" fill="#000"/><rect width="4" height="4" x="104" y="8" fill="#000"/><rect width="4" height="4" x="112" y="8" fill="#000"/><rect width="4" height="4" x="116" y="8" fill="#000"/><rect width="4" height="4" x="120" y="8" fill="#000"/><rect width="4" height="4" x="128" y="8" fill="#000"/><rect width="4" height="4" x="0" y="12" fill="#000"/><rect width="4" height="4" x="8" y="12" fill="#000"/><rect width="4" height="4" x="12" y="12" fill="#000"/><rect width="4" height="4" x="16" y="12" fill="#000"/><rect width="4" height="4" x="24" y="12" fill="#000"/><rect width="4" height="4" x="32" y="12" fill="#000"/><rect width="4" height="4" x="48" y="12" fill="#000"/><rect width="4" height="4" x="56" y="12" fill="#000"/><rect width="4" height="4" x="68" y="12" fill="#000"/><rect width="4" height="4" x="84" y="12" fill="#000"/><rect width="4" height="4" x="88" y="12" fill="#000"/><rect width="4" height="4" x="92" y="12" fill="#000"/><rect width="4" height="4" x="96" y="12" fill="#000"/><rect width="4" height="4" x="104" y="12" fill="#000"/><rect width="4" height="4" x="112" y="12" fill="#000"/><rect width="4" height="4" x="116" y="12" fill="#000"/><rect width="4" height="4" x="120" y="12" fill="#000"/><rect width="4" height="4" x="128" y="12" fill="#000"/><rect width="4" height="4" x="0" y="16" fill="#000"/><rect width="4" height="4" x="8" y="16" fill="#000"/><rect width="4" height="4" x="12" y="16" fill="#000"/><rect width="4" height="4" x="16" y="16" fill="#000"/><rect width="4" height="4" x="24" y="16" fill="#000"/><rect width="4" height="4" x="32" y="16" fill="#000"/><rect width="4" height="4" x="36" y="16" fill="#000"/><rect width="4" height="4" x="40" y="16" fill="#000"/><rect width="4" height="4" x="52" y="16" fill="#000"/><rect width="4" height="4" x="60" y="16" fill="#000"/><rect width="4" height="4" x="64" y="16" fill="#000"/><rect width="4" height="4" x="72" y="16" fill="#000"/><rect width="4" height="4" x="76" y="16" fill="#000"/><rect width="4" height="4" x="84" y="16" fill="#000"/><rect width="4" height="4" x="88" y="16" fill="#000"/><rect width="4" height="4" x="92" y="16" fill="#000"/><rect width="4" height="4" x="96" y="16" fill="#000"/><rect width="4" height="4" x="104" y="16" fill="#000"/><rect width="4" height="4" x="112" y="16" fill="#000"/><rect width="4" height="4" x="116" y="16" fill="#000"/><rect width="4" height="4" x="120" y="16" fill="#000"/><rect width="4" height="4" x="128" y="16" fill="#000"/><rect width="4" height="4" x="0" y="20" fill="#000"/><rect width="4" height="4" x="24" y="20" fill="#000"/><rect width="4" height="4" x="32" y="20" fill="#000"/><rect width="4" height="4" x="44" y="20" fill="#000"/><rect width="4" height="4" x="56" y="20" fill="#000"/><rect width="4" height="4" x="64" y="20" fill="#000"/><rect width="4" height="4" x="68" y="20" fill="#000"/><rect width="4" height="4" x="88" y="20" fill="#000"/><rect width="4" height="4" x="96" y="20" fill="#000"/><rect width="4" height="4" x="104" y="20" fill="#000"/><rect width="4" height="4" x="128" y="20" fill="#000"/><rect width="4" height="4" x="0" y="24" fill="#000"/><rect width="4" height="4" x="4" y="24" fill="#000"/><rect width="4" height="4" x="8" y="24" fill="#000"/><rect width="4" height="4" x="12" y="24" fill="#000"/><rect width="4" height="4" x="16" y="24" fill="#000"/><rect width="4" height="4" x="20" y="24" fill="#000"/><rect width="4" height="4" x="24" y="24" fill="#000"/><rect width="4" height="4" x="32" y="24" fill="#000"/><rect width="4" height="4" x="40" y="24" fill="#000"/><rect width="4" height="4" x="48" y="24" fill="#000"/><rect width="4" height="4" x="56" y="24" fill="#000"/><rect width="4" height="4" x="64" y="24" fill="#000"/><rect width="4" height="4" x="72" y="24" fill="#000"/><rect width="4" height="4" x="80" y="24" fill="#000"/><rect width="4" height="4" x="88" y="24" fill="#000"/><rect width="4" height="4" x="96" y="24" fill="#000"/><rect width="4" height="4" x="104" y="24" fill="#000"/><rect width="4" height="4" x="108" y="24" fill="#000"/><rect width="4" height="4" x="112" y="24" fill="#000"/><rect width="4" height="4" x="116" y="24" fill="#000"/><rect width="4" height="4" x="120" y="24" fill="#000"/><rect width="4" height="4" x="124" y="24" fill="#000"/><rect width="4" height="4" x="128" y="24" fill="#000"/><rect width="4" height="4" x="36" y="28" fill="#000"/><rect width="4" height="4" x="48" y="28" fill="#000"/><rect width="4" height="4" x="52" y="28" fill="#000"/><rect width="4" height="4" x="56" y="28" fill="#000"/><rect width="4" height="4" x="60" y="28" fill="#000"/><rect width="4" height="4" x="64" y="28" fill="#000"/><rect width="4" height="4" x="68" y="28" fill="#000"/><rect width="4" height="4" x="76" y="28" fill="#000"/><rect width="4" height="4" x="88" y="28" fill="#000"/><rect width="4" height="4" x="8" y="32" fill="#000"/><rect width="4" height="4" x="20" y="32" fill="#000"/><rect width="4" height="4" x="24" y="32" fill="#000"/><rect width="4" height="4" x="28" y="32" fill="#000"/><rect width="4" height="4" x="32" y="32" fill="#000"/><rect width="4" height="4" x="44" y="32" fill="#000"/><rect width="4" height="4" x="48" y="32" fill="#000"/><rect width="4" height="4" x="52" y="32" fill="#000"/><rect width="4" height="4" x="56" y="32" fill="#000"/><rect width="4" height="4" x="60" y="32" fill="#000"/><rect width="4" height="4" x="64" y="32" fill="#000"/><rect width="4" height="4" x="72" y="32" fill="#000"/><rect width="4" height="4" x="92" y="32" fill="#000"/><rect width="4" height="4" x="96" y="32" fill="#000"/><rect width="4" height="4" x="100" y="32" fill="#000"/><rect width="4" height="4" x="108" y="32" fill="#000"/><rect width="4" height="4" x="112" y="32" fill="#000"/><rect width="4" height="4" x="116" y="32" fill="#000"/><rect width="4" height="4" x="120" y="32" fill="#000"/><rect width="4" height="4" x="124" y="32" fill="#000"/><rect width="4" height="4" x="0" y="36" fill="#000"/><rect width="4" height="4" x="4" y="36" fill="#000"/><rect width="4" height="4" x="16" y="36" fill="#000"/><rect width="4" height="4" x="20" y="36" fill="#000"/><rect width="4" height="4" x="40" y="36" fill="#000"/><rect width="4" height="4" x="60" y="36" fill="#000"/><rect width="4" height="4" x="68" y="36" fill="#000"/><rect width="4" height="4" x="84" y="36" fill="#000"/><rect width="4" height="4" x="92" y="36" fill="#000"/><rect width="4" height="4" x="96" y="36" fill="#000"/><rect width="4" height="4" x="100" y="36" fill="#000"/><rect width="4" height="4" x="104" y="36" fill="#000"/><rect width="4" height="4" x="108" y="36" fill="#000"/><rect width="4" height="4" x="120" y="36" fill="#000"/><rect width="4" height="4" x="124" y="36" fill="#000"/><rect width="4" height="4" x="128" y="36" fill="#000"/><rect width="4" height="4" x="8" y="40" fill="#000"/><rect width="4" height="4" x="16" y="40" fill="#000"/><rect width="4" height="4" x="24" y="40" fill="#000"/><rect width="4" height="4" x="36" y="40" fill="#000"/><rect width="4" height="4" x="40" y="40" fill="#000"/><rect width="4" height="4" x="52" y="40" fill="#000"/><rect width="4" height="4" x="56" y="40" fill="#000"/><rect width="4" height="4" x="64" y="40" fill="#000"/><rect width="4" height="4" x="76" y="40" fill="#000"/><rect width="4" height="4" x="80" y="40" fill="#000"/><rect width="4" height="4" x="92" y="40" fill="#000"/><rect width="4" height="4" x="96" y="40" fill="#000"/><rect width="4" height="4" x="108" y="40" fill="#000"/><rect width="4" height="4" x="112" y="40" fill="#000"/><rect width="4" height="4" x="120" y="40" fill="#000"/><rect width="4" height="4" x="128" y="40" fill="#000"/><rect width="4" height="4" x="0" y="44" fill="#000"/><rect width="4" height="4" x="16" y="44" fill="#000"/><rect width="4" height="4" x="32" y="44" fill="#000"/><rect width="4" height="4" x="36" y="44" fill="#000"/><rect width="4" height="4" x="40" y="44" fill="#000"/><rect width="4" height="4" x="44" y="44" fill="#000"/><rect width="4" height="4" x="48" y="44" fill="#000"/><rect width="4" height="4" x="72" y="44" fill="#000"/><rect width="4" height="4" x="84" y="44" fill="#000"/><rect width="4" height="4" x="92" y="44" fill="#000"/><rect width="4" height="4" x="104" y="44" fill="#000"/><rect width="4" height="4" x="108" y="44" fill="#000"/><rect width="4" height="4" x="116" y="44" fill="#000"/><rect width="4" height="4" x="124" y="44" fill="#000"/><rect width="4" height="4" x="128" y="44" fill="#000"/><rect width="4" height="4" x="0" y="48" fill="#000"/><rect width="4" height="4" x="12" y="48" fill="#000"/><rect width="4" height="4" x="20" y="48" fill="#000"/><rect width="4" height="4" x="24" y="48" fill="#000"/><rect width="4" height="4" x="28" y="48" fill="#000"/><rect width="4" height="4" x="36" y="48" fill="#000"/><rect width="4" height="4" x="40" y="48" fill="#000"/><rect width="4" height="4" x="48" y="48" fill="#000"/><rect width="4" height="4" x="72" y="48" fill="#000"/><rect width="4" height="4" x="84" y="48" fill="#000"/><rect width="4" height="4" x="96" y="48" fill="#000"/><rect width="4" height="4" x="104" y="48" fill="#000"/><rect width="4" height="4" x="108" y="48" fill="#000"/><rect width="4" height="4" x="116" y="48" fill="#000"/><rect width="4" height="4" x="128" y="48" fill="#000"/><rect width="4" height="4" x="8" y="52" fill="#000"/><rect width="4" height="4" x="16" y="52" fill="#000"/><rect width="4" height="4" x="20" y="52" fill="#000"/><rect width="4" height="4" x="28" y="52" fill="#000"/><rect width="4" height="4" x="32" y="52" fill="#000"/><rect width="4" height="4" x="36" y="52" fill="#000"/><rect width="4" height="4" x="44" y="52" fill="#000"/><rect width="4" height="4" x="48" y="52" fill="#000"/><rect width="4" height="4" x="52" y="52" fill="#000"/><rect width="4" height="4" x="64" y="52" fill="#000"/><rect width="4" height="4" x="68" y="52" fill="#000"/><rect width="4" height="4" x="76" y="52" fill="#000"/><rect width="4" height="4" x="80" y="52" fill="#000"/><rect width="4" height="4" x="84" y="52" fill="#000"/><rect width="4" height="4" x="92" y="52" fill="#000"/><rect width="4" height="4" x="96" y="52" fill="#000"/><rect width="4" height="4" x="100" y="52" fill="#000"/><rect width="4" height="4" x="104" y="52" fill="#000"/><rect width="4" height="4" x="108" y="52" fill="#000"/><rect width="4" height="4" x="116" y="52" fill="#000"/><rect width="4" height="4" x="120" y="52" fill="#000"/><rect width="4" height="4" x="128" y="52" fill="#000"/><rect width="4" height="4" x="0" y="56" fill="#000"/><rect width="4" height="4" x="12" y="56" fill="#000"/><rect width="4" height="4" x="24" y="56" fill="#000"/><rect width="4" height="4" x="36" y="56" fill="#000"/><rect width="4" height="4" x="40" y="56" fill="#000"/><rect width="4" height="4" x="52" y="56" fill="#000"/><rect width="4" height="4" x="68" y="56" fill="#000"/><rect width="4" height="4" x="80" y="56" fill="#000"/><rect width="4" height="4" x="92" y="56" fill="#000"/><rect width="4" height="4" x="96" y="56" fill="#000"/><rect width="4" height="4" x="100" y="56" fill="#000"/><rect width="4" height="4" x="104" y="56" fill="#000"/><rect width="4" height="4" x="116" y="56" fill="#000"/><rect width="4" height="4" x="128" y="56" fill="#000"/><rect width="4" height="4" x="4" y="60" fill="#000"/><rect width="4" height="4" x="20" y="60" fill="#000"/><rect width="4" height="4" x="32" y="60" fill="#000"/><rect width="4" height="4" x="36" y="60" fill="#000"/><rect width="4" height="4" x="40" y="60" fill="#000"/><rect width="4" height="4" x="56" y="60" fill="#000"/><rect width="4" height="4" x="64" y="60" fill="#000"/><rect width="4" height="4" x="72" y="60" fill="#000"/><rect width="4" height="4" x="76" y="60" fill="#000"/><rect width="4" height="4" x="88" y="60" fill="#000"/><rect width="4" height="4" x="104" y="60" fill="#000"/><rect width="4" height="4" x="108" y="60" fill="#000"/><rect width="4" height="4" x="112" y="60" fill="#000"/><rect width="4" height="4" x="116" y="60" fill="#000"/><rect width="4" height="4" x="128" y="60" fill="#000"/><rect width="4" height="4" x="8" y="64" fill="#000"/><rect width="4" height="4" x="20" y="64" fill="#000"/><rect width="4" height="4" x="24" y="64" fill="#000"/><rect width="4" height="4" x="48" y="64" fill="#000"/><rect width="4" height="4" x="56" y="64" fill="#000"/><rect width="4" height="4" x="60" y="64" fill="#000"/><rect width="4" height="4" x="68" y="64" fill="#000"/><rect width="4" height="4" x="72" y="64" fill="#000"/><rect width="4" height="4" x="76" y="64" fill="#000"/><rect width="4" height="4" x="88" y="64" fill="#000"/><rect width="4" height="4" x="104" y="64" fill="#000"/><rect width="4" height="4" x="116" y="64" fill="#000"/><rect width="4" height="4" x="0" y="68" fill="#000"/><rect width="4" height="4" x="4" y="68" fill="#000"/><rect width="4" height="4" x="16" y="68" fill="#000"/><rect width="4" height="4" x="20" y="68" fill="#000"/><rect width="4" height="4" x="40" y="68" fill="#000"/><rect width="4" height="4" x="44" y="68" fill="#000"/><rect width="4" height="4" x="52" y="68" fill="#000"/><rect width="4" height="4" x="68" y="68" fill="#000"/><rect width="4" height="4" x="80" y="68" fill="#000"/><rect width="4" height="4" x="84" y="68" fill="#000"/><rect width="4" height="4" x="92" y="68" fill="#000"/><rect width="4" height="4" x="104" y="68" fill="#000"/><rect width="4" height="4" x="108" y="68" fill="#000"/><rect width="4" height="4" x="120" y="68" fill="#000"/><rect width="4" height="4" x="128" y="68" fill="#000"/><rect width="4" height="4" x="0" y="72" fill="#000"/><rect width="4" height="4" x="4" y="72" fill="#000"/><rect width="4" height="4" x="8" y="72" fill="#000"/><rect width="4" height="4" x="24" y="72" fill="#000"/><rect width="4" height="4" x="28" y="72" fill="#000"/><rect width="4" height="4" x="32" y="72" fill="#000"/><rect width="4" height="4" x="36" y="72" fill="#000"/><rect width="4" height="4" x="48" y="72" fill="#000"/><rect width="4" height="4" x="52" y="72" fill="#000"/><rect width="4" height="4" x="64" y="72" fill="#000"/><rect width="4" height="4" x="72" y="72" fill="#000"/><rect width="4" height="4" x="76" y="72" fill="#000"/><rect width="4" height="4" x="80" y="72" fill="#000"/><rect width="4" height="4" x="92" y="72" fill="#000"/><rect width="4" height="4" x="108" y="72" fill="#000"/><rect width="4" height="4" x="112" y="72" fill="#000"/><rect width="4" height="4" x="116" y="72" fill="#000"/><rect width="4" height="4" x="120" y="72" fill="#000"/><rect width="4" height="4" x="124" y="72" fill="#000"/><rect width="4" height="4" x="128" y="72" fill="#000"/><rect width="4" height="4" x="0" y="76" fill="#000"/><rect width="4" height="4" x="4" y="76" fill="#000"/><rect width="4" height="4" x="12" y="76" fill="#000"/><rect width="4" height="4" x="16" y="76" fill="#000"/><rect width="4" height="4" x="28" y="76" fill="#000"/><rect width="4" height="4" x="32" y="76" fill="#000"/><rect width="4" height="4" x="40" y="76" fill="#000"/><rect width="4" height="4" x="44" y="76" fill="#000"/><rect width="4" height="4" x="52" y="76" fill="#000"/><rect width="4" height="4" x="56" y="76" fill="#000"/><rect width="4" height="4" x="72" y="76" fill="#000"/><rect width="4" height="4" x="76" y="76" fill="#000"/><rect width="4" height="4" x="88" y="76" fill="#000"/><rect width="4" height="4" x="92" y="76" fill="#000"/><rect width="4" height="4" x="100" y="76" fill="#000"/><rect width="4" height="4" x="116" y="76" fill="#000"/><rect width="4" height="4" x="0" y="80" fill="#000"/><rect width="4" height="4" x="8" y="80" fill="#000"/><rect width="4" height="4" x="20" y="80" fill="#000"/><rect width="4" height="4" x="24" y="80" fill="#000"/><rect width="4" height="4" x="28" y="80" fill="#000"/><rect width="4" height="4" x="36" y="80" fill="#000"/><rect width="4" height="4" x="52" y="80" fill="#000"/><rect width="4" height="4" x="56" y="80" fill="#000"/><rect width="4" height="4" x="64" y="80" fill="#000"/><rect width="4" height="4" x="76" y="80" fill="#000"/><rect width="4" height="4" x="80" y="80" fill="#000"/><rect width="4" height="4" x="92" y="80" fill="#000"/><rect width="4" height="4" x="96" y="80" fill="#000"/><rect width="4" height="4" x="100" y="80" fill="#000"/><rect width="4" height="4" x="104" y="80" fill="#000"/><rect width="4" height="4" x="108" y="80" fill="#000"/><rect width="4" height="4" x="128" y="80" fill="#000"/><rect width="4" height="4" x="8" y="84" fill="#000"/><rect width="4" height="4" x="12" y="84" fill="#000"/><rect width="4" height="4" x="16" y="84" fill="#000"/><rect width="4" height="4" x="28" y="84" fill="#000"/><rect width="4" height="4" x="32" y="84" fill="#000"/><rect width="4" height="4" x="44" y="84" fill="#000"/><rect width="4" height="4" x="48" y="84" fill="#000"/><rect width="4" height="4" x="52" y="84" fill="#000"/><rect width="4" height="4" x="56" y="84" fill="#000"/><rect width="4" height="4" x="60" y="84" fill="#000"/><rect width="4" height="4" x="64" y="84" fill="#000"/><rect width="4" height="4" x="68" y="84" fill="#000"/><rect width="4" height="4" x="72" y="84" fill="#000"/><rect width="4" height="4" x="76" y="84" fill="#000"/><rect width="4" height="4" x="80" y="84" fill="#000"/><rect width="4" height="4" x="96" y="84" fill="#000"/><rect width="4" height="4" x="116" y="84" fill="#000"/><rect width="4" height="4" x="128" y="84" fill="#000"/><rect width="4" height="4" x="0" y="88" fill="#000"/><rect width="4" height="4" x="4" y="88" fill="#000"/><rect width="4" height="4" x="8" y="88" fill="#000"/><rect width="4" height="4" x="12" y="88" fill="#000"/><rect width="4" height="4" x="24" y="88" fill="#000"/><rect width="4" height="4" x="28" y="88" fill="#000"/><rect width="4" height="4" x="56" y="88" fill="#000"/><rect width="4" height="4" x="60" y="88" fill="#000"/><rect width="4" height="4" x="68" y="88" fill="#000"/><rect width="4" height="4" x="80" y="88" fill="#000"/><rect width="4" height="4" x="88" y="88" fill="#000"/><rect width="4" height="4" x="96" y="88" fill="#000"/><rect width="4" height="4" x="100" y="88" fill="#000"/><rect width="4" height="4" x="104" y="88" fill="#000"/><rect width="4" height="4" x="128" y="88" fill="#000"/><rect width="4" height="4" x="12" y="92" fill="#000"/><rect width="4" height="4" x="28" y="92" fill="#000"/><rect width="4" height="4" x="32" y="92" fill="#000"/><rect width="4" height="4" x="40" y="92" fill="#000"/><rect width="4" height="4" x="68" y="92" fill="#000"/><rect width="4" height="4" x="72" y="92" fill="#000"/><rect width="4" height="4" x="88" y="92" fill="#000"/><rect width="4" height="4" x="92" y="92" fill="#000"/><rect width="4" height="4" x="96" y="92" fill="#000"/><rect width="4" height="4" x="108" y="92" fill="#000"/><rect width="4" height="4" x="116" y="92" fill="#000"/><rect width="4" height="4" x="0" y="96" fill="#000"/><rect width="4" height="4" x="4" y="96" fill="#000"/><rect width="4" height="4" x="16" y="96" fill="#000"/><rect width="4" height="4" x="24" y="96" fill="#000"/><rect width="4" height="4" x="28" y="96" fill="#000"/><rect width="4" height="4" x="36" y="96" fill="#000"/><rect width="4" height="4" x="44" y="96" fill="#000"/><rect width="4" height="4" x="48" y="96" fill="#000"/><rect width="4" height="4" x="52" y="96" fill="#000"/><rect width="4" height="4" x="56" y="96" fill="#000"/><rect width="4" height="4" x="64" y="96" fill="#000"/><rect width="4" height="4" x="72" y="96" fill="#000"/><rect width="4" height="4" x="76" y="96" fill="#000"/><rect width="4" height="4" x="80" y="96" fill="#000"/><rect width="4" height="4" x="96" y="96" fill="#000"/><rect width="4" height="4" x="100" y="96" fill="#000"/><rect width="4" height="4" x="104" y="96" fill="#000"/><rect width="4" height="4" x="108" y="96" fill="#000"/><rect width="4" height="4" x="112" y="96" fill="#000"/><rect width="4" height="4" x="128" y="96" fill="#000"/><rect width="4" height="4" x="32" y="100" fill="#000"/><rect width="4" height="4" x="40" y="100" fill="#000"/><rect width="4" height="4" x="44" y="100" fill="#000"/><rect width="4" height="4" x="52" y="100" fill="#000"/><rect width="4" height="4" x="56" y="100" fill="#000"/><rect width="4" height="4" x="72" y="100" fill="#000"/><rect width="4" height="4" x="88" y="100" fill="#000"/><rect width="4" height="4" x="96" y="100" fill="#000"/><rect width="4" height="4" x="112" y="100" fill="#000"/><rect width="4" height="4" x="116" y="100" fill="#000"/><rect width="4" height="4" x="120" y="100" fill="#000"/><rect width="4" height="4" x="124" y="100" fill="#000"/><rect width="4" height="4" x="128" y="100" fill="#000"/><rect width="4" height="4" x="0" y="104" fill="#000"/><rect width="4" height="4" x="4" y="104" fill="#000"/><rect width="4" height="4" x="8" y="104" fill="#000"/><rect width="4" height="4" x="12" y="104" fill="#000"/><rect width="4" height="4" x="16" y="104" fill="#000"/><rect width="4" height="4" x="20" y="104" fill="#000"/><rect width="4" height="4" x="24" y="104" fill="#000"/><rect width="4" height="4" x="32" y="104" fill="#000"/><rect width="4" height="4" x="48" y="104" fill="#000"/><rect width="4" height="4" x="56" y="104" fill="#000"/><rect width="4" height="4" x="64" y="104" fill="#000"/><rect width="4" height="4" x="72" y="104" fill="#000"/><rect width="4" height="4" x="76" y="104" fill="#000"/><rect width="4" height="4" x="84" y="104" fill="#000"/><rect width="4" height="4" x="88" y="104" fill="#000"/><rect width="4" height="4" x="96" y="104" fill="#000"/><rect width="4" height="4" x="104" y="104" fill="#000"/><rect width="4" height="4" x="112" y="104" fill="#000"/><rect width="4" height="4" x="116" y="104" fill="#000"/><rect width="4" height="4" x="128" y="104" fill="#000"/><rect width="4" height="4" x="0" y="108" fill="#000"/><rect width="4" height="4" x="24" y="108" fill="#000"/><rect width="4" height="4" x="32" y="108" fill="#000"/><rect width="4" height="4" x="36" y="108" fill="#000"/><rect width="4" height="4" x="48" y="108" fill="#000"/><rect width="4" height="4" x="52" y="108" fill="#000"/><rect width="4" height="4" x="64" y="108" fill="#000"/><rect width="4" height="4" x="76" y="108" fill="#000"/><rect width="4" height="4" x="88" y="108" fill="#000"/><rect width="4" height="4" x="92" y="108" fill="#000"/><rect width="4" height="4" x="96" y="108" fill="#000"/><rect width="4" height="4" x="112" y="108" fill="#000"/><rect width="4" height="4" x="116" y="108" fill="#000"/><rect width="4" height="4" x="124" y="108" fill="#000"/><rect width="4" height="4" x="128" y="108" fill="#000"/><rect width="4" height="4" x="0" y="112" fill="#000"/><rect width="4" height="4" x="8" y="112" fill="#000"/><rect width="4" height="4" x="12" y="112" fill="#000"/><rect width="4" height="4" x="16" y="112" fill="#000"/><rect width="4" height="4" x="24" y="112" fill="#000"/><rect width="4" height="4" x="36" y="112" fill="#000"/><rect width="4" height="4" x="44" y="112" fill="#000"/><rect width="4" height="4" x="52" y="112" fill="#000"/><rect width="4" height="4" x="56" y="112" fill="#000"/><rect width="4" height="4" x="60" y="112" fill="#000"/><rect width="4" height="4" x="72" y="112" fill="#000"/><rect width="4" height="4" x="80" y="112" fill="#000"/><rect width="4" height="4" x="84" y="112" fill="#000"/><rect width="4" height="4" x="88" y="112" fill="#000"/><rect width="4" height="4" x="92" y="112" fill="#000"/><rect width="4" height="4" x="96" y="112" fill="#000"/><rect width="4" height="4" x="100" y="112" fill="#000"/><rect width="4" height="4" x="104" y="112" fill="#000"/><rect width="4" height="4" x="108" y="112" fill="#000"/><rect width="4" height="4" x="112" y="112" fill="#000"/><rect width="4" height="4" x="0" y="116" fill="#000"/><rect width="4" height="4" x="8" y="116" fill="#000"/><rect width="4" height="4" x="12" y="116" fill="#000"/><rect width="4" height="4" x="16" y="116" fill="#000"/><rect width="4" height="4" x="24" y="116" fill="#000"/><rect width="4" height="4" x="52" y="116" fill="#000"/><rect width="4" height="4" x="56" y="116" fill="#000"/><rect width="4" height="4" x="64" y="116" fill="#000"/><rect width="4" height="4" x="68" y="116" fill="#000"/><rect width="4" height="4" x="84" y="116" fill="#000"/><rect width="4" height="4" x="88" y="116" fill="#000"/><rect width="4" height="4" x="92" y="116" fill="#000"/><rect width="4" height="4" x="96" y="116" fill="#000"/><rect width="4" height="4" x="100" y="116" fill="#000"/><rect width="4" height="4" x="108" y="116" fill="#000"/><rect width="4" height="4" x="112" y="116" fill="#000"/><rect width="4" height="4" x="124" y="116" fill="#000"/><rect width="4" height="4" x="0" y="120" fill="#000"/><rect width="4" height="4" x="8" y="120" fill="#000"/><rect width="4" height="4" x="12" y="120" fill="#000"/><rect width="4" height="4" x="16" y="120" fill="#000"/><rect width="4" height="4" x="24" y="120" fill="#000"/><rect width="4" height="4" x="32" y="120" fill="#000"/><rect width="4" height="4" x="44" y="120" fill="#000"/><rect width="4" height="4" x="64" y="120" fill="#000"/><rect width="4" height="4" x="80" y="120" fill="#000"/><rect width="4" height="4" x="84" y="120" fill="#000"/><rect width="4" height="4" x="88" y="120" fill="#000"/><rect width="4" height="4" x="112" y="120" fill="#000"/><rect width="4" height="4" x="124" y="120" fill="#000"/><rect width="4" height="4" x="128" y="120" fill="#000"/><rect width="4" height="4" x="0" y="124" fill="#000"/><rect width="4" height="4" x="24" y="124" fill="#000"/><rect width="4" height="4" x="36" y="124" fill="#000"/><rect width="4" height="4" x="40" y="124" fill="#000"/><rect width="4" height="4" x="48" y="124" fill="#000"/><rect width="4" height="4" x="68" y="124" fill="#000"/><rect width="4" height="4" x="72" y="124" fill="#000"/><rect width="4" height="4" x="76" y="124" fill="#000"/><rect width="4" height="4" x="96" y="124" fill="#000"/><rect width="4" height="4" x="100" y="124" fill="#000"/><rect width="4" height="4" x="116" y="124" fill="#000"/><rect width="4" height="4" x="0" y="128" fill="#000"/><rect width="4" height="4" x="4" y="128" fill="#000"/><rect width="4" height="4" x="8" y="128" fill="#000"/><rect width="4" height="4" x="12" y="128" fill="#000"/><rect width="4" height="4" x="16" y="128" fill="#000"/><rect width="4" height="4" x="20" y="128" fill="#000"/><rect width="4" height="4" x="24" y="128" fill="#000"/><rect width="4" height="4" x="40" y="128" fill="#000"/><rect width="4" height="4" x="44" y="128" fill="#000"/><rect width="4" height="4" x="48" y="128" fill="#000"/><rect width="4" height="4" x="56" y="128" fill="#000"/><rect width="4" height="4" x="60" y="128" fill="#000"/><rect width="4" height="4" x="76" y="128" fill="#000"/><rect width="4" height="4" x="80" y="128" fill="#000"/><rect width="4" height="4" x="84" y="128" fill="#000"/><rect width="4" height="4" x="88" y="128" fill="#000"/><rect width="4" height="4" x="96" y="128" fill="#000"/><rect width="4" height="4" x="100" y="128" fill="#000"/><rect width="4" height="4" x="104" y="128" fill="#000"/><rect width="4" height="4" x="112" y="128" fill="#000"/><rect width="4" height="4" x="116" y="128" fill="#000"/><rect width="4" height="4" x="128" y="128" fill="#000"/></svg>